2026-08-26T04:12:30Z INFO KEV catalog synced: 1675 entries (total=1675)
2026-08-26T04:12:30Z INFO NVD incremental lane skipped this cycle
2026-08-26T04:12:31Z INFO no net-new CVEs; skipping bump pass
2026-08-26T04:12:36Z INFO snapshot written: 690551 CVEs tracked, 1675 actively exploited, 8340 plugins updated/24h
2026-08-26T04:12:36Z INFO sync finished in 569.3s
2026-08-26T06:01:33Z INFO KEV catalog synced: 1675 entries (total=1675)
2026-08-26T06:01:33Z INFO NVD incremental lane skipped this cycle
2026-08-26T06:01:33Z INFO no net-new CVEs; skipping bump pass
2026-08-26T06:01:33Z INFO snapshot written: 690551 CVEs tracked, 1675 actively exploited, 8340 plugins updated/24h
2026-08-26T06:01:33Z INFO sync finished in 36.6s
2026-08-26T08:02:14Z INFO KEV catalog synced: 1675 entries (total=1675)
2026-08-26T08:02:15Z INFO NVD incremental window 2026-08-26 .. 2026-08-26: 0 results
2026-08-26T08:02:15Z INFO NVD incremental synced: 0 CVEs
2026-08-26T08:02:15Z INFO no net-new CVEs; skipping bump pass
2026-08-26T08:02:16Z INFO snapshot written: 690551 CVEs tracked, 1675 actively exploited, 8340 plugins updated/24h
2026-08-26T08:02:16Z INFO sync finished in 31.8s
2026-08-26T10:02:38Z INFO KEV catalog synced: 1675 entries (total=1675)
2026-08-26T10:02:38Z INFO NVD incremental lane skipped this cycle
2026-08-26T10:02:38Z INFO no net-new CVEs; skipping bump pass
2026-08-26T10:02:39Z INFO snapshot written: 690551 CVEs tracked, 1675 actively exploited, 8340 plugins updated/24h
2026-08-26T10:02:39Z INFO sync finished in 35.3s
2026-08-26T12:01:29Z INFO KEV catalog synced: 1675 entries (total=1675)
2026-08-26T12:01:29Z INFO NVD incremental lane skipped this cycle
2026-08-26T12:01:29Z INFO no net-new CVEs; skipping bump pass
2026-08-26T12:01:30Z INFO snapshot written: 690551 CVEs tracked, 1675 actively exploited, 8340 plugins updated/24h
2026-08-26T12:01:30Z INFO sync finished in 26.9s
2026-08-26T14:01:26Z INFO KEV catalog synced: 1675 entries (total=1675)
2026-08-26T14:01:27Z INFO NVD incremental window 2026-08-26 .. 2026-08-26: 0 results
2026-08-26T14:01:27Z INFO NVD incremental synced: 0 CVEs
2026-08-26T14:01:27Z INFO no net-new CVEs; skipping bump pass
2026-08-26T14:01:27Z INFO snapshot written: 690551 CVEs tracked, 1675 actively exploited, 8340 plugins updated/24h
2026-08-26T14:01:27Z INFO sync finished in 14.6s
2026-08-26T16:01:14Z INFO KEV catalog synced: 1675 entries (total=1675)
2026-08-26T16:01:14Z INFO NVD incremental lane skipped this cycle
2026-08-26T16:01:14Z INFO no net-new CVEs; skipping bump pass
2026-08-26T16:01:14Z INFO snapshot written: 690551 CVEs tracked, 1675 actively exploited, 8340 plugins updated/24h
2026-08-26T16:01:14Z INFO sync finished in 10.7s
2026-08-26T18:02:42Z INFO KEV catalog synced: 1675 entries (total=1675)
2026-08-26T18:02:42Z INFO NVD incremental lane skipped this cycle
2026-08-26T18:02:42Z INFO no net-new CVEs; skipping bump pass
2026-08-26T18:02:42Z INFO snapshot written: 690551 CVEs tracked, 1675 actively exploited, 8340 plugins updated/24h
2026-08-26T18:02:42Z INFO sync finished in 5.1s
2026-08-26T20:02:16Z INFO KEV catalog synced: 1681 entries (total=1681)
2026-08-26T20:02:18Z INFO NVD incremental window 2026-08-26 .. 2026-08-26: 2530 results
2026-08-26T20:02:27Z INFO NVD incremental synced: 2530 CVEs
2026-08-26T20:02:27Z INFO bumped 69 plugins against 1152 new CVEs
2026-08-26T20:02:28Z INFO snapshot written: 691703 CVEs tracked, 1681 actively exploited, 8409 plugins updated/24h
2026-08-26T20:02:28Z INFO sync finished in 13.9s
2026-08-26T22:00:40Z INFO KEV catalog synced: 1682 entries (total=1682)
2026-08-26T22:00:40Z INFO NVD incremental lane skipped this cycle
2026-08-26T22:00:40Z INFO 1 new CVEs matched 0 plugins
2026-08-26T22:00:40Z INFO snapshot written: 691704 CVEs tracked, 1682 actively exploited, 8409 plugins updated/24h
2026-08-26T22:00:40Z INFO sync finished in 2.8s
2026-08-27T00:01:55Z INFO KEV catalog synced: 1682 entries (total=1682)
2026-08-27T00:01:55Z INFO NVD incremental lane skipped this cycle
2026-08-27T00:01:55Z INFO no net-new CVEs; skipping bump pass
2026-08-27T00:01:55Z INFO snapshot written: 691704 CVEs tracked, 1682 actively exploited, 3840 plugins updated/24h
2026-08-27T00:01:55Z INFO sync finished in 7.3s
2026-08-27T02:02:09Z INFO KEV catalog synced: 1682 entries (total=1682)
2026-08-27T02:02:10Z INFO NVD incremental window 2026-08-26 .. 2026-08-27: 526 results
2026-08-27T02:02:10Z INFO NVD incremental synced: 526 CVEs
2026-08-27T02:02:10Z INFO bumped 78 plugins against 207 new CVEs
2026-08-27T02:02:10Z INFO snapshot written: 691911 CVEs tracked, 1682 actively exploited, 3918 plugins updated/24h
2026-08-27T02:02:10Z INFO sync finished in 42.2s
2026-08-27T04:05:14Z INFO KEV catalog synced: 1682 entries (total=1682)
2026-08-27T04:05:14Z INFO NVD incremental lane skipped this cycle
2026-08-27T04:05:14Z INFO no net-new CVEs; skipping bump pass
2026-08-27T04:05:14Z INFO snapshot written: 691911 CVEs tracked, 1682 actively exploited, 3918 plugins updated/24h
2026-08-27T04:05:14Z INFO sync finished in 146.5s
2026-08-27T06:01:57Z INFO KEV catalog synced: 1682 entries (total=1682)
2026-08-27T06:01:57Z INFO NVD incremental lane skipped this cycle
2026-08-27T06:01:57Z INFO no net-new CVEs; skipping bump pass
2026-08-27T06:01:57Z INFO snapshot written: 691911 CVEs tracked, 1682 actively exploited, 3918 plugins updated/24h
2026-08-27T06:01:57Z INFO sync finished in 33.3s
2026-08-27T08:01:56Z INFO KEV catalog synced: 1682 entries (total=1682)
2026-08-27T08:01:57Z INFO NVD incremental window 2026-08-27 .. 2026-08-27: 332 results
2026-08-27T08:01:57Z INFO NVD incremental synced: 332 CVEs
2026-08-27T08:01:57Z INFO bumped 3 plugins against 74 new CVEs
2026-08-27T08:01:58Z INFO snapshot written: 691985 CVEs tracked, 1682 actively exploited, 3921 plugins updated/24h
2026-08-27T08:01:58Z INFO sync finished in 9.8s
2026-08-27T10:01:39Z INFO KEV catalog synced: 1682 entries (total=1682)
2026-08-27T10:01:39Z INFO NVD incremental lane skipped this cycle
2026-08-27T10:01:39Z INFO no net-new CVEs; skipping bump pass
2026-08-27T10:01:39Z INFO snapshot written: 691985 CVEs tracked, 1682 actively exploited, 3921 plugins updated/24h
2026-08-27T10:01:39Z INFO sync finished in 15.9s
2026-08-27T12:03:55Z INFO KEV catalog synced: 1682 entries (total=1682)
2026-08-27T12:03:55Z INFO NVD incremental lane skipped this cycle
2026-08-27T12:03:55Z INFO no net-new CVEs; skipping bump pass
2026-08-27T12:03:55Z INFO snapshot written: 691985 CVEs tracked, 1682 actively exploited, 3921 plugins updated/24h
2026-08-27T12:03:55Z INFO sync finished in 151.8s
2026-08-27T14:03:02Z INFO KEV catalog synced: 1682 entries (total=1682)
2026-08-27T14:03:11Z INFO NVD incremental window 2026-08-27 .. 2026-08-27: 213 results
2026-08-27T14:03:11Z INFO NVD incremental synced: 213 CVEs
2026-08-27T14:03:11Z INFO bumped 12 plugins against 78 new CVEs
2026-08-27T14:03:11Z INFO snapshot written: 692063 CVEs tracked, 1682 actively exploited, 3933 plugins updated/24h
2026-08-27T14:03:11Z INFO sync finished in 28.0s
2026-08-27T16:01:47Z INFO KEV catalog synced: 1682 entries (total=1682)
2026-08-27T16:01:47Z INFO NVD incremental lane skipped this cycle
2026-08-27T16:01:47Z INFO no net-new CVEs; skipping bump pass
2026-08-27T16:01:47Z INFO snapshot written: 692063 CVEs tracked, 1682 actively exploited, 3933 plugins updated/24h
2026-08-27T16:01:47Z INFO sync finished in 3.7s
2026-08-27T18:02:53Z INFO KEV catalog synced: 1682 entries (total=1682)
2026-08-27T18:02:53Z INFO NVD incremental lane skipped this cycle
2026-08-27T18:02:53Z INFO no net-new CVEs; skipping bump pass
2026-08-27T18:02:53Z INFO snapshot written: 692063 CVEs tracked, 1682 actively exploited, 3933 plugins updated/24h
2026-08-27T18:02:53Z INFO sync finished in 5.2s
2026-08-27T20:01:26Z INFO KEV catalog synced: 1685 entries (total=1685)
2026-08-27T20:01:27Z INFO NVD incremental window 2026-08-27 .. 2026-08-27: 996 results
2026-08-27T20:01:27Z INFO NVD incremental synced: 996 CVEs
2026-08-27T20:01:28Z INFO bumped 61 plugins against 350 new CVEs
2026-08-27T20:01:28Z INFO snapshot written: 692413 CVEs tracked, 1685 actively exploited, 3994 plugins updated/24h
2026-08-27T20:01:28Z INFO sync finished in 4.1s
2026-08-27T22:00:56Z INFO KEV catalog synced: 1685 entries (total=1685)
2026-08-27T22:00:56Z INFO NVD incremental lane skipped this cycle
2026-08-27T22:00:56Z INFO no net-new CVEs; skipping bump pass
2026-08-27T22:00:56Z INFO snapshot written: 692413 CVEs tracked, 1685 actively exploited, 3994 plugins updated/24h
2026-08-27T22:00:56Z INFO sync finished in 2.4s
2026-08-28T00:01:21Z INFO KEV catalog synced: 1685 entries (total=1685)
2026-08-28T00:01:21Z INFO NVD incremental lane skipped this cycle
2026-08-28T00:01:21Z INFO no net-new CVEs; skipping bump pass
2026-08-28T00:01:21Z INFO snapshot written: 692413 CVEs tracked, 1685 actively exploited, 154 plugins updated/24h
2026-08-28T00:01:21Z INFO sync finished in 2.4s
2026-08-28T02:02:58Z INFO KEV catalog synced: 1685 entries (total=1685)
2026-08-28T02:03:07Z INFO NVD incremental window 2026-08-27 .. 2026-08-28: 999 results
2026-08-28T02:03:07Z INFO NVD incremental synced: 999 CVEs
2026-08-28T02:03:07Z INFO bumped 302 plugins against 529 new CVEs
2026-08-28T02:03:07Z INFO snapshot written: 692942 CVEs tracked, 1685 actively exploited, 456 plugins updated/24h
2026-08-28T02:03:07Z INFO sync finished in 34.7s
2026-08-28T04:08:24Z INFO KEV catalog synced: 1685 entries (total=1685)
2026-08-28T04:08:24Z INFO NVD incremental lane skipped this cycle
2026-08-28T04:08:24Z INFO no net-new CVEs; skipping bump pass
2026-08-28T04:08:24Z INFO snapshot written: 692942 CVEs tracked, 1685 actively exploited, 456 plugins updated/24h
2026-08-28T04:08:24Z INFO sync finished in 349.8s
2026-08-28T06:02:28Z INFO KEV catalog synced: 1685 entries (total=1685)
2026-08-28T06:02:28Z INFO NVD incremental lane skipped this cycle
2026-08-28T06:02:28Z INFO no net-new CVEs; skipping bump pass
2026-08-28T06:02:29Z INFO snapshot written: 692942 CVEs tracked, 1685 actively exploited, 456 plugins updated/24h
2026-08-28T06:02:29Z INFO sync finished in 61.4s
2026-08-28T08:00:53Z INFO KEV catalog synced: 1685 entries (total=1685)
2026-08-28T08:00:54Z INFO NVD incremental window 2026-08-28 .. 2026-08-28: 85 results
2026-08-28T08:00:54Z INFO NVD incremental synced: 85 CVEs
2026-08-28T08:00:54Z INFO bumped 1 plugins against 48 new CVEs
2026-08-28T08:00:54Z INFO snapshot written: 692990 CVEs tracked, 1685 actively exploited, 457 plugins updated/24h
2026-08-28T08:00:54Z INFO sync finished in 30.8s
2026-08-28T10:01:42Z INFO KEV catalog synced: 1685 entries (total=1685)
2026-08-28T10:01:42Z INFO NVD incremental lane skipped this cycle
2026-08-28T10:01:42Z INFO no net-new CVEs; skipping bump pass
2026-08-28T10:01:43Z INFO snapshot written: 692990 CVEs tracked, 1685 actively exploited, 457 plugins updated/24h
2026-08-28T10:01:43Z INFO sync finished in 54.7s
2026-08-28T12:03:31Z INFO KEV catalog synced: 1685 entries (total=1685)
2026-08-28T12:03:31Z INFO NVD incremental lane skipped this cycle
2026-08-28T12:03:31Z INFO no net-new CVEs; skipping bump pass
2026-08-28T12:03:31Z INFO snapshot written: 692990 CVEs tracked, 1685 actively exploited, 457 plugins updated/24h
2026-08-28T12:03:31Z INFO sync finished in 7.6s
2026-08-28T14:02:48Z INFO KEV catalog synced: 1685 entries (total=1685)
2026-08-28T14:02:49Z INFO NVD incremental window 2026-08-28 .. 2026-08-28: 238 results
2026-08-28T14:02:49Z INFO NVD incremental synced: 238 CVEs
2026-08-28T14:02:49Z INFO 225 new CVEs matched 0 plugins
2026-08-28T14:02:50Z INFO snapshot written: 693215 CVEs tracked, 1685 actively exploited, 457 plugins updated/24h
2026-08-28T14:02:50Z INFO sync finished in 16.1s
2026-08-28T16:00:42Z INFO KEV catalog synced: 1685 entries (total=1685)
2026-08-28T16:00:42Z INFO NVD incremental lane skipped this cycle
2026-08-28T16:00:42Z INFO no net-new CVEs; skipping bump pass
2026-08-28T16:00:42Z INFO snapshot written: 693215 CVEs tracked, 1685 actively exploited, 457 plugins updated/24h
2026-08-28T16:00:42Z INFO sync finished in 18.2s
2026-08-28T18:00:56Z INFO KEV catalog synced: 1685 entries (total=1685)
2026-08-28T18:00:56Z INFO NVD incremental lane skipped this cycle
2026-08-28T18:00:56Z INFO no net-new CVEs; skipping bump pass
2026-08-28T18:00:56Z INFO snapshot written: 693215 CVEs tracked, 1685 actively exploited, 457 plugins updated/24h
2026-08-28T18:00:56Z INFO sync finished in 52.6s
2026-08-28T20:01:17Z INFO KEV catalog synced: 1685 entries (total=1685)
2026-08-28T20:01:19Z INFO NVD incremental window 2026-08-28 .. 2026-08-28: 1234 results
2026-08-28T20:01:19Z INFO NVD incremental synced: 1234 CVEs
2026-08-28T20:01:19Z INFO bumped 37 plugins against 349 new CVEs
2026-08-28T20:01:19Z INFO snapshot written: 693564 CVEs tracked, 1685 actively exploited, 494 plugins updated/24h
2026-08-28T20:01:19Z INFO sync finished in 5.5s
