2026-07-21 21:28:32,595 [INFO] Day 1 (2026-07-23): market=bull revenue=$8853 costs=$30482 ebitda=$-21629 events=0 companies=8 intercompany=$22925 duration=3ms
2026-07-21 21:28:32,664 [INFO] Day 2 (2026-07-24): market=bull revenue=$8853 costs=$30482 ebitda=$-21629 events=1 companies=8 intercompany=$22925 duration=4ms
2026-07-21 21:28:32,726 [INFO] Day 3 (2026-07-25): market=bull revenue=$8853 costs=$30482 ebitda=$-21629 events=0 companies=8 intercompany=$22925 duration=3ms
2026-07-21 21:42:50,526 [INFO] Simulation is up to date (day 3, 2026-07-25)
2026-07-21 21:42:58,622 [INFO] Day 4 (2026-07-26): market=bull revenue=$8853 costs=$30482 ebitda=$-21629 events=1 companies=8 intercompany=$22925 duration=4ms
2026-07-21 21:42:58,680 [INFO] Day 5 (2026-07-27): market=bull revenue=$8504 costs=$30482 ebitda=$-21978 events=0 companies=8 intercompany=$22925 duration=4ms
2026-07-21 21:42:58,751 [INFO] Day 6 (2026-07-28): market=bull revenue=$8504 costs=$30482 ebitda=$-21978 events=0 companies=8 intercompany=$22925 duration=3ms
2026-07-21 21:42:58,820 [INFO] Day 7 (2026-07-29): market=bull revenue=$8504 costs=$30482 ebitda=$-21978 events=2 companies=8 intercompany=$22925 duration=4ms
2026-07-21 21:42:58,896 [INFO] Day 8 (2026-07-30): market=bull revenue=$9788 costs=$30482 ebitda=$-20694 events=0 companies=8 intercompany=$22925 duration=4ms
2026-07-21 21:42:58,966 [INFO] Day 9 (2026-07-31): market=bull revenue=$9788 costs=$30482 ebitda=$-20694 events=1 companies=8 intercompany=$22925 duration=4ms
2026-07-21 21:42:59,035 [INFO] Day 10 (2026-08-01): market=bull revenue=$11143 costs=$30482 ebitda=$-19339 events=1 companies=8 intercompany=$22925 duration=3ms
2026-07-21 21:42:59,107 [INFO] Day 11 (2026-08-02): market=bull revenue=$11356 costs=$30482 ebitda=$-19126 events=1 companies=8 intercompany=$22925 duration=4ms
2026-07-21 21:42:59,162 [INFO] Day 12 (2026-08-03): market=bull revenue=$11507 costs=$30482 ebitda=$-18975 events=0 companies=8 intercompany=$22925 duration=3ms
2026-07-21 21:45:01,327 [INFO] Day 13 (2026-08-04): market=bull revenue=$11507 costs=$30482 ebitda=$-18975 events=0 companies=8 intercompany=$22925 duration=3ms
2026-07-21 22:00:01,445 [INFO] Day 14 (2026-08-05): market=bull revenue=$11507 costs=$30482 ebitda=$-18975 events=0 companies=8 intercompany=$22925 duration=6ms
2026-07-21 22:14:17,973 [INFO] Day 1 (2026-07-23): market=bull revenue=$8853 costs=$30482 ebitda=$-21629 events=0 companies=8 intercompany=$22925 duration=6ms
2026-07-21 22:14:17,989 [WARNING] RISK [CRITICAL] contagion_alert: 6 subsidiaries below 4-month cash floor — cascading failure risk
2026-07-21 22:14:17,989 [INFO] Risk score: 90/100, covenant: compliant, runway: 22.3 months
2026-07-21 22:15:01,543 [INFO] Day 2 (2026-07-24): market=bull revenue=$8853 costs=$30482 ebitda=$-21629 events=1 companies=8 intercompany=$22925 duration=4ms
2026-07-21 22:15:01,553 [WARNING] RISK [CRITICAL] contagion_alert: 6 subsidiaries below 4-month cash floor — cascading failure risk
2026-07-21 22:15:01,553 [INFO] Risk score: 90/100, covenant: compliant, runway: 22.2 months
2026-07-21 22:29:09,729 [INFO] Day 1 (2026-07-23): market=bull revenue=$8853 costs=$30482 ebitda=$-21629 events=0 companies=8 intercompany=$22925 duration=7ms
2026-07-21 22:29:09,739 [WARNING] RISK [CRITICAL] contagion_alert: 6 subsidiaries below 4-month cash floor — cascading failure risk
2026-07-21 22:29:09,739 [INFO] Risk score: 90/100, covenant: compliant, runway: 22.3 months
2026-07-21 22:30:01,649 [INFO] Day 2 (2026-07-24): market=bull revenue=$8853 costs=$30482 ebitda=$-21629 events=1 companies=8 intercompany=$22925 duration=4ms
2026-07-21 22:30:01,660 [WARNING] RISK [CRITICAL] contagion_alert: 6 subsidiaries below 4-month cash floor — cascading failure risk
2026-07-21 22:30:01,660 [INFO] Risk score: 90/100, covenant: compliant, runway: 22.2 months
2026-07-21 23:00:01,847 [INFO] Day 1 (2026-07-23): market=bull revenue=$8853 costs=$30482 ebitda=$-21629 events=0 companies=8 intercompany=$22925 duration=4ms
2026-07-21 23:00:01,858 [WARNING] RISK [CRITICAL] contagion_alert: 6 subsidiaries below 4-month cash floor — cascading failure risk
2026-07-21 23:00:01,858 [INFO] Risk score: 90/100, covenant: compliant, runway: 22.3 months
2026-07-21 23:00:01,863 [INFO] Ontology: 3 risk patterns detected
2026-07-21 23:00:01,906 [INFO] AIP: 7 actions triggered
2026-07-21 23:15:02,003 [INFO] Day 2 (2026-07-24): market=bull revenue=$8853 costs=$30482 ebitda=$-21629 events=1 companies=8 intercompany=$22925 duration=3ms
2026-07-21 23:15:02,013 [WARNING] RISK [CRITICAL] contagion_alert: 6 subsidiaries below 4-month cash floor — cascading failure risk
2026-07-21 23:15:02,014 [INFO] Risk score: 90/100, covenant: compliant, runway: 22.2 months
2026-07-21 23:15:02,018 [INFO] Ontology: 3 risk patterns detected
2026-07-21 23:15:02,030 [INFO] AIP: 7 actions triggered
2026-07-21 23:30:01,140 [INFO] Day 3 (2026-07-25): market=bull revenue=$8853 costs=$30482 ebitda=$-21629 events=0 companies=8 intercompany=$22925 duration=5ms
2026-07-21 23:30:01,151 [WARNING] RISK [CRITICAL] contagion_alert: 6 subsidiaries below 4-month cash floor — cascading failure risk
2026-07-21 23:30:01,151 [INFO] Risk score: 90/100, covenant: compliant, runway: 22.1 months
2026-07-21 23:30:01,157 [INFO] Ontology: 4 risk patterns detected
2026-07-21 23:30:01,170 [INFO] AIP: 7 actions triggered
2026-07-21 23:45:01,310 [INFO] Day 4 (2026-07-26): market=bull revenue=$8853 costs=$30482 ebitda=$-21629 events=1 companies=8 intercompany=$22925 duration=10ms
2026-07-21 23:45:01,322 [WARNING] RISK [CRITICAL] contagion_alert: 6 subsidiaries below 4-month cash floor — cascading failure risk
2026-07-21 23:45:01,323 [INFO] Risk score: 90/100, covenant: compliant, runway: 22.1 months
2026-07-21 23:45:01,331 [INFO] Ontology: 4 risk patterns detected
2026-07-21 23:45:01,346 [INFO] AIP: 7 actions triggered
2026-07-22 05:00:01,678 [INFO] Day 5 (2026-07-27): market=bull revenue=$8504 costs=$30482 ebitda=$-21978 events=0 companies=8 intercompany=$22925 duration=7ms
2026-07-22 05:00:01,687 [WARNING] RISK [CRITICAL] contagion_alert: 6 subsidiaries below 4-month cash floor — cascading failure risk
2026-07-22 05:00:01,687 [INFO] Risk score: 90/100, covenant: compliant, runway: 22.0 months
2026-07-22 05:00:01,709 [INFO] Ontology: 4 risk patterns detected
2026-07-22 05:00:03,275 [INFO] AIP: 7 actions triggered
2026-07-22 05:15:01,388 [INFO] Day 6 (2026-07-28): market=bull revenue=$8504 costs=$30482 ebitda=$-21978 events=0 companies=8 intercompany=$22925 duration=9ms
2026-07-22 05:15:01,396 [WARNING] RISK [CRITICAL] contagion_alert: 6 subsidiaries below 4-month cash floor — cascading failure risk
2026-07-22 05:15:01,396 [INFO] Risk score: 90/100, covenant: compliant, runway: 22.0 months
2026-07-22 05:15:01,407 [INFO] Ontology: 4 risk patterns detected
2026-07-22 05:15:02,317 [INFO] AIP: 7 actions triggered
2026-07-22 05:30:01,421 [INFO] Day 7 (2026-07-29): market=bull revenue=$8504 costs=$30482 ebitda=$-21978 events=2 companies=8 intercompany=$22925 duration=4ms
2026-07-22 05:30:01,429 [WARNING] RISK [CRITICAL] contagion_alert: 6 subsidiaries below 4-month cash floor — cascading failure risk
2026-07-22 05:30:01,429 [INFO] Risk score: 90/100, covenant: compliant, runway: 21.9 months
2026-07-22 05:30:01,437 [INFO] Ontology: 4 risk patterns detected
2026-07-22 05:30:02,197 [INFO] AIP: 7 actions triggered
2026-07-22 05:45:02,036 [INFO] Day 8 (2026-07-30): market=bull revenue=$9788 costs=$30482 ebitda=$-20694 events=0 companies=8 intercompany=$22925 duration=9ms
2026-07-22 05:45:02,046 [WARNING] RISK [CRITICAL] contagion_alert: 6 subsidiaries below 4-month cash floor — cascading failure risk
2026-07-22 05:45:02,046 [INFO] Risk score: 90/100, covenant: compliant, runway: 21.8 months
2026-07-22 05:45:02,052 [INFO] Ontology: 4 risk patterns detected
2026-07-22 05:45:02,917 [INFO] AIP: 7 actions triggered
2026-07-22 06:00:02,024 [INFO] Starting GDELT ingestion...
2026-07-22 06:00:02,043 [INFO] Day 9 (2026-07-31): market=bull revenue=$9788 costs=$30482 ebitda=$-20694 events=1 companies=8 intercompany=$22925 duration=9ms
2026-07-22 06:00:02,053 [WARNING] RISK [CRITICAL] contagion_alert: 6 subsidiaries below 4-month cash floor — cascading failure risk
2026-07-22 06:00:02,054 [INFO] Risk score: 90/100, covenant: compliant, runway: 21.8 months
2026-07-22 06:00:02,066 [INFO] Ontology: 4 risk patterns detected
2026-07-22 06:00:02,879 [INFO] AIP: 7 actions triggered
2026-07-22 06:00:19,170 [WARNING] GDELT fetch failed for query 'capital allocation OR private equity OR asset mana': Expecting value: line 1 column 1 (char 0)
2026-07-22 06:00:44,520 [WARNING] GDELT rate limited — backing off 6s
2026-07-22 06:01:10,991 [WARNING] GDELT rate limited — backing off 6s
2026-07-22 06:01:35,866 [WARNING] GDELT rate limited — backing off 6s
2026-07-22 06:02:06,866 [WARNING] GDELT rate limited — backing off 6s
2026-07-22 06:02:31,353 [WARNING] GDELT fetch failed for query 'cultural preservation OR art conservation OR herit': Expecting value: line 1 column 1 (char 0)
2026-07-22 06:02:50,810 [WARNING] GDELT fetch failed for query 'legal services OR compliance OR governance OR AI r': Expecting value: line 1 column 1 (char 0)
2026-07-22 06:03:06,972 [WARNING] GDELT rate limited — backing off 6s
2026-07-22 06:03:28,044 [WARNING] GDELT fetch failed for query 'financial crisis OR cyber attack OR geopolitical O': Expecting value: line 1 column 1 (char 0)
2026-07-22 06:03:28,054 [INFO] GDELT ingestion complete: 0 new events stored
2026-07-22 06:03:28,054 [INFO] GDELT: ingested 0 news events
2026-07-22 06:15:01,141 [INFO] Day 10 (2026-08-01): market=bull revenue=$11143 costs=$30482 ebitda=$-19339 events=1 companies=8 intercompany=$22925 duration=4ms
2026-07-22 06:15:01,149 [WARNING] RISK [CRITICAL] contagion_alert: 6 subsidiaries below 4-month cash floor — cascading failure risk
2026-07-22 06:15:01,150 [INFO] Risk score: 90/100, covenant: compliant, runway: 21.7 months
2026-07-22 06:15:01,155 [INFO] Ontology: 4 risk patterns detected
2026-07-22 06:15:02,188 [INFO] AIP: 7 actions triggered
2026-07-22 06:30:01,275 [INFO] Day 11 (2026-08-02): market=bull revenue=$11356 costs=$30482 ebitda=$-19126 events=1 companies=8 intercompany=$22925 duration=4ms
2026-07-22 06:30:01,281 [WARNING] RISK [CRITICAL] contagion_alert: 6 subsidiaries below 4-month cash floor — cascading failure risk
2026-07-22 06:30:01,281 [INFO] Risk score: 90/100, covenant: compliant, runway: 21.7 months
2026-07-22 06:30:01,287 [INFO] Ontology: 4 risk patterns detected
2026-07-22 06:30:02,051 [INFO] AIP: 7 actions triggered
