master: tiles x13692-13715 y7508-7547 -> 6144x10240px @ 9.55m
manual-warping sentinel-dry (mosaic of 2)…
  strip 0/10240
  strip 256/10240
  strip 512/10240
  strip 768/10240
  strip 1024/10240
  strip 1280/10240
  strip 1536/10240
  strip 1792/10240
  strip 2048/10240
  strip 2304/10240
  strip 2560/10240
  strip 2816/10240
  strip 3072/10240
  strip 3328/10240
  strip 3584/10240
  strip 3840/10240
  strip 4096/10240
  strip 4352/10240
  strip 4608/10240
  strip 4864/10240
  strip 5120/10240
  strip 5376/10240
  strip 5632/10240
  strip 5888/10240
  strip 6144/10240
  strip 6400/10240
  strip 6656/10240
  strip 6912/10240
  strip 7168/10240
  strip 7424/10240
  strip 7680/10240
  strip 7936/10240
  strip 8192/10240
  strip 8448/10240
  strip 8704/10240
  strip 8960/10240
  strip 9216/10240
  strip 9472/10240
  strip 9728/10240
  strip 9984/10240
sentinel-dry ready
manual-warping sentinel-wet (mosaic of 2)…
  strip 0/10240
  strip 256/10240
  strip 512/10240
  strip 768/10240
  strip 1024/10240
  strip 1280/10240
  strip 1536/10240
  strip 1792/10240
  strip 2048/10240
  strip 2304/10240
  strip 2560/10240
  strip 2816/10240
  strip 3072/10240
  strip 3328/10240
  strip 3584/10240
  strip 3840/10240
  strip 4096/10240
  strip 4352/10240
  strip 4608/10240
  strip 4864/10240
  strip 5120/10240
  strip 5376/10240
  strip 5632/10240
  strip 5888/10240
  strip 6144/10240
  strip 6400/10240
  strip 6656/10240
  strip 6912/10240
  strip 7168/10240
  strip 7424/10240
  strip 7680/10240
  strip 7936/10240
  strip 8192/10240
  strip 8448/10240
  strip 8704/10240
  strip 8960/10240
  strip 9216/10240
  strip 9472/10240
  strip 9728/10240
  strip 9984/10240
sentinel-wet ready
warping dry green (mosaic of 2)…
  strip 0/10240
  strip 256/10240
  strip 512/10240
  strip 768/10240
  strip 1024/10240
  strip 1280/10240
  strip 1536/10240
  strip 1792/10240
  strip 2048/10240
  strip 2304/10240
  strip 2560/10240
  strip 2816/10240
  strip 3072/10240
  strip 3328/10240
  strip 3584/10240
  strip 3840/10240
  strip 4096/10240
  strip 4352/10240
  strip 4608/10240
  strip 4864/10240
  strip 5120/10240
  strip 5376/10240
  strip 5632/10240
  strip 5888/10240
  strip 6144/10240
  strip 6400/10240
  strip 6656/10240
  strip 6912/10240
  strip 7168/10240
  strip 7424/10240
  strip 7680/10240
  strip 7936/10240
  strip 8192/10240
  strip 8448/10240
  strip 8704/10240
  strip 8960/10240
  strip 9216/10240
  strip 9472/10240
  strip 9728/10240
  strip 9984/10240
warping dry nir (mosaic of 2)…
  strip 0/10240
  strip 256/10240
  strip 512/10240
  strip 768/10240
  strip 1024/10240
  strip 1280/10240
  strip 1536/10240
  strip 1792/10240
  strip 2048/10240
  strip 2304/10240
  strip 2560/10240
  strip 2816/10240
  strip 3072/10240
  strip 3328/10240
  strip 3584/10240
  strip 3840/10240
  strip 4096/10240
  strip 4352/10240
  strip 4608/10240
  strip 4864/10240
  strip 5120/10240
  strip 5376/10240
  strip 5632/10240
  strip 5888/10240
  strip 6144/10240
  strip 6400/10240
  strip 6656/10240
  strip 6912/10240
  strip 7168/10240
  strip 7424/10240
  strip 7680/10240
  strip 7936/10240
  strip 8192/10240
  strip 8448/10240
  strip 8704/10240
  strip 8960/10240
  strip 9216/10240
  strip 9472/10240
  strip 9728/10240
  strip 9984/10240
warping wet green (mosaic of 2)…
  strip 0/10240
  strip 256/10240
  strip 512/10240
  strip 768/10240
  strip 1024/10240
  strip 1280/10240
  strip 1536/10240
  strip 1792/10240
  strip 2048/10240
  strip 2304/10240
  strip 2560/10240
  strip 2816/10240
  strip 3072/10240
  strip 3328/10240
  strip 3584/10240
  strip 3840/10240
  strip 4096/10240
  strip 4352/10240
  strip 4608/10240
  strip 4864/10240
  strip 5120/10240
  strip 5376/10240
  strip 5632/10240
  strip 5888/10240
  strip 6144/10240
  strip 6400/10240
  strip 6656/10240
  strip 6912/10240
  strip 7168/10240
  strip 7424/10240
  strip 7680/10240
  strip 7936/10240
  strip 8192/10240
  strip 8448/10240
  strip 8704/10240
  strip 8960/10240
  strip 9216/10240
  strip 9472/10240
  strip 9728/10240
  strip 9984/10240
warping wet nir (mosaic of 2)…
  strip 0/10240
  strip 256/10240
  strip 512/10240
  strip 768/10240
  strip 1024/10240
  strip 1280/10240
  strip 1536/10240
  strip 1792/10240
  strip 2048/10240
  strip 2304/10240
  strip 2560/10240
  strip 2816/10240
  strip 3072/10240
  strip 3328/10240
  strip 3584/10240
  strip 3840/10240
  strip 4096/10240
  strip 4352/10240
  strip 4608/10240
  strip 4864/10240
  strip 5120/10240
  strip 5376/10240
  strip 5632/10240
  strip 5888/10240
  strip 6144/10240
  strip 6400/10240
  strip 6656/10240
  strip 6912/10240
  strip 7168/10240
  strip 7424/10240
  strip 7680/10240
  strip 7936/10240
  strip 8192/10240
  strip 8448/10240
  strip 8704/10240
  strip 8960/10240
  strip 9216/10240
  strip 9472/10240
  strip 9728/10240
  strip 9984/10240
landmark validation PASSED
PHASE A1 COMPLETE
